version https://git-lfs.github.com/spec/v1
oid sha256:8d440c8c93461577d558f470b296b4838191b58892fa1a02e1b89366b9e3a387
size 70717440
